Downloading https://services.gradle.org/distributions/gradle-8.10.2-bin.zip
.............10%.............20%.............30%.............40%.............50%.............60%.............70%.............80%.............90%.............100%

Welcome to Gradle 8.10.2!

Here are the highlights of this release:
 - Support for Java 23
 - Faster configuration cache
 - Better configuration cache reports

For more details see https://docs.gradle.org/8.10.2/release-notes.html

To honour the JVM settings for this build a single-use Daemon process will be forked. For more on this, please refer to https://docs.gradle.org/8.10.2/userguide/gradle_daemon.html#sec:disabling_the_daemon in the Gradle documentation.
Daemon will be stopped at the end of the build 

> Configure project :app
e: file:///home/runner/work/kamand/kamand/app/build.gradle.kts:21:26: Unresolved reference: util
e: file:///home/runner/work/kamand/kamand/app/build.gradle.kts:24:31: Unresolved reference: load
gradle/actions: Writing build results to /home/runner/work/_temp/.gradle-actions/build-results/__run_2-1786311787933.json

FAILURE: Build failed with an exception.

* Where:
Build file '/home/runner/work/kamand/kamand/app/build.gradle.kts' line: 21

* What went wrong:
Script compilation errors:

  Line 21: val keystoreProps = java.util.Properties().apply {
                                    ^ Unresolved reference: util

  Line 24:         f.inputStream().use { load(it) }
                                         ^ Unresolved reference: load

2 errors

* Try:
> Run with --stacktrace option to get the stack trace.
> Run with --info or --debug option to get more log output.
> Run with --scan to get full insights.
> Get more help at https://help.gradle.org.

BUILD FAILED in 1m 11s
